[boostroyal.fr/index.html]
[backblue.gif]
[fade.gif]
[index.html]
[boostroyal.fr/favicons/apple-touch-icon.png]
[boostroyal.fr/favicons/favicon-32x32.png]
[boostroyal.fr/favicons/favicon-16x16.png]
[boostroyal.fr/favicons/site.webmanifest]
[boostroyal.fr/favicons/safari-pinned-tab.svg]
[bat.bing.com/bat.js]
[boostroyal.fr/_partytown/debug/partytown.js]
[connect.facebook.net/en_US/fbevents.js]
[boostroyal.fr/cdn-cgi/scripts/7d0fa10a/cloudflare-static/rocket-loader.min.js]
[boostroyal.fr/styles.484ebcca2ea231cc.css]
[boostroyal.fr/assets/images/new/logo-icon30f4.svg]
[boostroyal.fr/checkout/payment]
[boostroyal.fr/assets/images/new/new-home-slider-bg5e1f.jpg]
[boostroyal.fr/assets/images/new/new-home-slider-bg-m5e1f.jpg]
[boostroyal.fr/assets/images/services51bce.png]
[boostroyal.fr/legal/terms-of-use]
[boostroyal.fr/legal/dmca]
[boostroyal.fr/partner-program]
[boostroyal.fr/runtime.c57c7be811ade944.js]
[boostroyal.fr/polyfills.132fcb7818eadf3e.js]
[boostroyal.fr/scripts.5a4804cffca9e041.js]
[boostroyal.fr/index.html]
[d1dou5kerfs1ji.cloudfront.net/uploads/employees/default.jpg]
[static.cloudflareinsights.com/beacon.min.js]
[boostroyal.fr/favicons/safari-pinned-tab.svg]
[boostroyal.fr/main.ce34c7105d59d0c7.js]
[boostroyal.fr/c.2c.delayed]
[boostroyal.fr/b]
[boostroyal.fr/POST]
[connect.facebook.net/en_US/fbevents.js]
[boostroyal.fr/assets/images/new/checkbox5e1f.png]
[boostroyal.fr/styles.484ebcca2ea231cc.css]
[boostroyal.fr/assets/images/new/logo-icon30f4.svg]
[boostroyal.fr/boosters/index.html]
[boostroyal.fr/boostroyal-premium/index.html]
[boostroyal.fr/loyalty-program/index.html]
[boostroyal.fr/contact/index.html]
[boostroyal.fr/account-leveling/index.html]
[boostroyal.fr/ranked-wins-boost/index.html]
[boostroyal.fr/duoqueue-boosting/index.html]
[boostroyal.fr/placement-matches/index.html]
[boostroyal.fr/champion-mastery/index.html]
[boostroyal.fr/clash-boosting/index.html]
[boostroyal.fr/normal-matches/index.html]
[boostroyal.fr/wild-rift-smurf/index.html]
[boostroyal.fr/promotion-boosting/index.html]
[boostroyal.fr/valorant-smurf/index.html]
[boostroyal.fr/lor-boosting/index.html]
[boostroyal.fr/tft-ranked-boost/index.html]
[boostroyal.fr/buy-league-of-legends-account/index.html]
[boostroyal.fr/buy-smurf-account/index.html]
[boostroyal.fr/buy-lol-account/index.html]
[boostroyal.fr/checkout/payment.html]
[boostroyal.fr/lol-boosting/index.html]
[boostroyal.fr/valorant-boosting/index.html]
[boostroyal.fr/wild-rift-boosting/index.html]
[boostroyal.fr/blog/index.html]
[boostroyal.fr/blog/missions-de-league-of-legends-2023-calendrier/index.html]
[boostroyal.fr/blog/tout-ce-que-vous-devez-savoir-sur-les-schtroumpfs-de-league-of-legends/index.html]
[boostroyal.fr/legal/terms-of-use.html]
[boostroyal.fr/legal/privacy-policy/index.html]
[boostroyal.fr/legal/dmca.html]
[boostroyal.fr/partner-program.html]
[boostroyal.fr/c.html]
[boostroyal.fr/b.html]
[boostroyal.fr/POST.html]
[bat.bing.com/p/action/17509540.html]
